Archive member included to satisfy reference by file (symbol)

/usr/lib/gcc/arm-none-eabi/10.3.1/libgcc.a(_arm_mulsf3.o)
                              system_msp432p401r.o (__aeabi_fmul)
/usr/lib/gcc/arm-none-eabi/10.3.1/libgcc.a(_arm_addsubsf3.o)
                              system_msp432p401r.o (__aeabi_fsub)
/usr/lib/gcc/arm-none-eabi/10.3.1/libgcc.a(_arm_muldivsf3.o)
                              system_msp432p401r.o (__aeabi_fdiv)
/usr/lib/gcc/arm-none-eabi/10.3.1/libgcc.a(_arm_fixunssfsi.o)
                              system_msp432p401r.o (__aeabi_f2uiz)
/usr/lib/gcc/arm-none-eabi/10.3.1/../../../arm-none-eabi/lib/libc.a(lib_a-atexit.o)
                              /usr/lib/gcc/arm-none-eabi/10.3.1/../../../arm-none-eabi/lib/crt0.o (atexit)
/usr/lib/gcc/arm-none-eabi/10.3.1/../../../arm-none-eabi/lib/libc.a(lib_a-exit.o)
                              /usr/lib/gcc/arm-none-eabi/10.3.1/../../../arm-none-eabi/lib/crt0.o (exit)
/usr/lib/gcc/arm-none-eabi/10.3.1/../../../arm-none-eabi/lib/libc.a(lib_a-fini.o)
                              /usr/lib/gcc/arm-none-eabi/10.3.1/../../../arm-none-eabi/lib/crt0.o (__libc_fini_array)
/usr/lib/gcc/arm-none-eabi/10.3.1/../../../arm-none-eabi/lib/libc.a(lib_a-impure.o)
                              /usr/lib/gcc/arm-none-eabi/10.3.1/../../../arm-none-eabi/lib/libc.a(lib_a-exit.o) (_global_impure_ptr)
/usr/lib/gcc/arm-none-eabi/10.3.1/../../../arm-none-eabi/lib/libc.a(lib_a-init.o)
                              /usr/lib/gcc/arm-none-eabi/10.3.1/../../../arm-none-eabi/lib/crt0.o (__libc_init_array)
/usr/lib/gcc/arm-none-eabi/10.3.1/../../../arm-none-eabi/lib/libc.a(lib_a-memset.o)
                              /usr/lib/gcc/arm-none-eabi/10.3.1/../../../arm-none-eabi/lib/crt0.o (memset)
/usr/lib/gcc/arm-none-eabi/10.3.1/../../../arm-none-eabi/lib/libc.a(lib_a-__atexit.o)
                              /usr/lib/gcc/arm-none-eabi/10.3.1/../../../arm-none-eabi/lib/libc.a(lib_a-atexit.o) (__register_exitproc)
/usr/lib/gcc/arm-none-eabi/10.3.1/../../../arm-none-eabi/lib/libc.a(lib_a-__call_atexit.o)
                              /usr/lib/gcc/arm-none-eabi/10.3.1/../../../arm-none-eabi/lib/libc.a(lib_a-exit.o) (__call_exitprocs)

Memory Configuration

Name             Origin             Length             Attributes
MAIN_FLASH       0x0000000000000000 0x0000000000040000 xr
INFO_FLASH       0x0000000000200000 0x0000000000004000 xr
SRAM_CODE        0x0000000001000000 0x0000000000010000 xrw
SRAM_DATA        0x0000000020000000 0x0000000000010000 rw
*default*        0x0000000000000000 0xffffffffffffffff

Linker script and memory map

LOAD /usr/lib/gcc/arm-none-eabi/10.3.1/crti.o
LOAD /usr/lib/gcc/arm-none-eabi/10.3.1/crtbegin.o
LOAD /usr/lib/gcc/arm-none-eabi/10.3.1/../../../arm-none-eabi/lib/crt0.o
LOAD memory.o
LOAD main.o
LOAD syscalls.o
LOAD interrupts_msp432p401r_gcc.o
LOAD startup_msp432p401r_gcc.o
LOAD system_msp432p401r.o
START GROUP
LOAD /usr/lib/gcc/arm-none-eabi/10.3.1/libgcc.a
LOAD /usr/lib/gcc/arm-none-eabi/10.3.1/../../../arm-none-eabi/lib/libc.a
END GROUP
LOAD /usr/lib/gcc/arm-none-eabi/10.3.1/crtend.o
LOAD /usr/lib/gcc/arm-none-eabi/10.3.1/crtn.o
                0x0000000000000000                PROVIDE (_intvecs_base_address = DEFINED (_intvecs_base_address)?_intvecs_base_address:0x0)

.intvecs        0x0000000000000000      0x140
 *(.intvecs)
 .intvecs       0x0000000000000000      0x140 startup_msp432p401r_gcc.o
                0x0000000000000000                interruptVectors
                0x0000000000200000                PROVIDE (_mailbox_base_address = 0x200000)

.flashMailbox
 *(.flashMailbox)
                0x0000000000201000                PROVIDE (_tlv_base_address = 0x201000)

.tlvTable
 *(.tlvTable)
                0x0000000000202000                PROVIDE (_bsl_base_address = 0x202000)

.bslArea
 *(.bslArea)
                0x0000000020000000                PROVIDE (_vtable_base_address = DEFINED (_vtable_base_address)?_vtable_base_address:0x20000000)

.vtable
 *(.vtable)

.text           0x0000000000000140     0x12d8
 CREATE_OBJECT_SYMBOLS
 *(.text)
 .text          0x0000000000000140        0x0 /usr/lib/gcc/arm-none-eabi/10.3.1/crti.o
 .text          0x0000000000000140       0xdc /usr/lib/gcc/arm-none-eabi/10.3.1/crtbegin.o
 .text          0x000000000000021c      0x128 /usr/lib/gcc/arm-none-eabi/10.3.1/../../../arm-none-eabi/lib/crt0.o
                0x000000000000021c                _stack_init
                0x00000000000002a4                _mainCRTStartup
                0x00000000000002a4                _start
 .text          0x0000000000000344       0xae memory.o
                0x0000000000000344                set_value
                0x0000000000000366                clear_value
                0x0000000000000382                get_value
                0x000000000000039e                set_all
                0x00000000000003d6                clear_all
 *fill*         0x00000000000003f2        0x2 
 .text          0x00000000000003f4       0xb4 main.o
                0x00000000000003f4                main
 .text          0x00000000000004a8        0xa syscalls.o
                0x00000000000004a8                _exit
 .text          0x00000000000004b2        0x0 interrupts_msp432p401r_gcc.o
 .text          0x00000000000004b2        0x0 startup_msp432p401r_gcc.o
 *fill*         0x00000000000004b2        0x2 
 .text          0x00000000000004b4      0x390 system_msp432p401r.o
                0x00000000000004b4                SystemCoreClockUpdate
                0x00000000000007dc                SystemInit
 .text          0x0000000000000844      0x198 /usr/lib/gcc/arm-none-eabi/10.3.1/libgcc.a(_arm_mulsf3.o)
 .text          0x00000000000009dc      0x2ac /usr/lib/gcc/arm-none-eabi/10.3.1/libgcc.a(_arm_addsubsf3.o)
                0x00000000000009dc                __aeabi_frsub
                0x00000000000009e4                __subsf3
                0x00000000000009e4                __aeabi_fsub
                0x00000000000009e8                __aeabi_fadd
                0x00000000000009e8                __addsf3
                0x0000000000000ba4                __aeabi_ui2f
                0x0000000000000ba4                __floatunsisf
                0x0000000000000bac                __aeabi_i2f
                0x0000000000000bac                __floatsisf
                0x0000000000000bcc                __floatundisf
                0x0000000000000bcc                __aeabi_ul2f
                0x0000000000000bdc                __floatdisf
                0x0000000000000bdc                __aeabi_l2f
 .text          0x0000000000000c88      0x2f8 /usr/lib/gcc/arm-none-eabi/10.3.1/libgcc.a(_arm_muldivsf3.o)
                0x0000000000000c88                __mulsf3
                0x0000000000000c88                __aeabi_fmul
                0x0000000000000e20                __divsf3
                0x0000000000000e20                __aeabi_fdiv
 .text          0x0000000000000f80       0x54 /usr/lib/gcc/arm-none-eabi/10.3.1/libgcc.a(_arm_fixunssfsi.o)
                0x0000000000000f80                __aeabi_f2uiz
                0x0000000000000f80                __fixunssfsi
 .text          0x0000000000000fd4       0x20 /usr/lib/gcc/arm-none-eabi/10.3.1/../../../arm-none-eabi/lib/libc.a(lib_a-atexit.o)
                0x0000000000000fd4                atexit
 .text          0x0000000000000ff4       0x34 /usr/lib/gcc/arm-none-eabi/10.3.1/../../../arm-none-eabi/lib/libc.a(lib_a-exit.o)
                0x0000000000000ff4                exit
 .text          0x0000000000001028       0x44 /usr/lib/gcc/arm-none-eabi/10.3.1/../../../arm-none-eabi/lib/libc.a(lib_a-fini.o)
                0x0000000000001028                __libc_fini_array
 .text          0x000000000000106c        0x0 /usr/lib/gcc/arm-none-eabi/10.3.1/../../../arm-none-eabi/lib/libc.a(lib_a-impure.o)
 .text          0x000000000000106c       0x88 /usr/lib/gcc/arm-none-eabi/10.3.1/../../../arm-none-eabi/lib/libc.a(lib_a-init.o)
                0x000000000000106c                __libc_init_array
 .text          0x00000000000010f4      0x11c /usr/lib/gcc/arm-none-eabi/10.3.1/../../../arm-none-eabi/lib/libc.a(lib_a-memset.o)
                0x00000000000010f4                memset
 .text          0x0000000000001210       0x8c /usr/lib/gcc/arm-none-eabi/10.3.1/../../../arm-none-eabi/lib/libc.a(lib_a-__atexit.o)
                0x0000000000001210                __register_exitproc
 .text          0x000000000000129c      0x118 /usr/lib/gcc/arm-none-eabi/10.3.1/../../../arm-none-eabi/lib/libc.a(lib_a-__call_atexit.o)
                0x000000000000129c                __call_exitprocs
 .text          0x00000000000013b4        0x0 /usr/lib/gcc/arm-none-eabi/10.3.1/crtend.o
 .text          0x00000000000013b4        0x0 /usr/lib/gcc/arm-none-eabi/10.3.1/crtn.o
 *(.text.*)
 .text.startup  0x00000000000013b4       0x28 /usr/lib/gcc/arm-none-eabi/10.3.1/../../../arm-none-eabi/lib/libc.a(lib_a-__call_atexit.o)
                0x00000000000013dc                . = ALIGN (0x4)
 *(.ctors)
                0x00000000000013dc                . = ALIGN (0x4)
 *(.dtors)
                0x00000000000013dc                . = ALIGN (0x4)
                0x00000000000013dc                __init_array_start = .
 *(.init_array*)
 .init_array    0x00000000000013dc        0x4 /usr/lib/gcc/arm-none-eabi/10.3.1/crtbegin.o
 .init_array.00000
                0x00000000000013e0        0x4 /usr/lib/gcc/arm-none-eabi/10.3.1/../../../arm-none-eabi/lib/libc.a(lib_a-__call_atexit.o)
                0x00000000000013e4                __init_array_end = .
 *(.init)
 .init          0x00000000000013e4        0xc /usr/lib/gcc/arm-none-eabi/10.3.1/crti.o
                0x00000000000013e4                _init
 .init          0x00000000000013f0        0xc /usr/lib/gcc/arm-none-eabi/10.3.1/crtn.o
 *(.fini*)
 .fini          0x00000000000013fc        0xc /usr/lib/gcc/arm-none-eabi/10.3.1/crti.o
                0x00000000000013fc                _fini
 .fini_array    0x0000000000001408        0x4 /usr/lib/gcc/arm-none-eabi/10.3.1/crtbegin.o
 .fini          0x000000000000140c        0xc /usr/lib/gcc/arm-none-eabi/10.3.1/crtn.o

.glue_7         0x0000000000001418        0x0
 .glue_7        0x0000000000001418        0x0 linker stubs

.glue_7t        0x0000000000001418        0x0
 .glue_7t       0x0000000000001418        0x0 linker stubs

.vfp11_veneer   0x0000000000001418        0x0
 .vfp11_veneer  0x0000000000001418        0x0 linker stubs

.v4_bx          0x0000000000001418        0x0
 .v4_bx         0x0000000000001418        0x0 linker stubs

.iplt           0x0000000000001418        0x0
 .iplt          0x0000000000001418        0x0 /usr/lib/gcc/arm-none-eabi/10.3.1/crtbegin.o

.text:Reset_Handler
                0x0000000000001418       0x6c
 .text:Reset_Handler
                0x0000000000001418       0x6c interrupts_msp432p401r_gcc.o
                0x0000000000001418                Reset_Handler

.text:NMI_Handler
                0x0000000000001484        0xe
 .text:NMI_Handler
                0x0000000000001484        0xe interrupts_msp432p401r_gcc.o
                0x0000000000001484                NMI_Handler

.text:HardFault_Handler
                0x0000000000001492        0xe
 .text:HardFault_Handler
                0x0000000000001492        0xe interrupts_msp432p401r_gcc.o
                0x0000000000001492                HardFault_Handler

.text:Default_Handler
                0x00000000000014a0        0xe
 .text:Default_Handler
                0x00000000000014a0        0xe interrupts_msp432p401r_gcc.o
                0x00000000000014a0                CS_IRQHandler
                0x00000000000014a0                DebugMon_Handler
                0x00000000000014a0                AES256_IRQHandler
                0x00000000000014a0                SysTick_Handler
                0x00000000000014a0                PendSV_Handler
                0x00000000000014a0                RTC_C_IRQHandler
                0x00000000000014a0                PORT1_IRQHandler
                0x00000000000014a0                FPU_IRQHandler
                0x00000000000014a0                PORT2_IRQHandler
                0x00000000000014a0                TA3_0_IRQHandler
                0x00000000000014a0                UsageFault_Handler
                0x00000000000014a0                DMA_INT3_IRQHandler
                0x00000000000014a0                TA2_0_IRQHandler
                0x00000000000014a0                DMA_INT1_IRQHandler
                0x00000000000014a0                WDT_A_IRQHandler
                0x00000000000014a0                TA2_N_IRQHandler
                0x00000000000014a0                TA1_0_IRQHandler
                0x00000000000014a0                PSS_IRQHandler
                0x00000000000014a0                DMA_INT2_IRQHandler
                0x00000000000014a0                EUSCIA3_IRQHandler
                0x00000000000014a0                DMA_INT0_IRQHandler
                0x00000000000014a0                PORT4_IRQHandler
                0x00000000000014a0                PORT5_IRQHandler
                0x00000000000014a0                EUSCIB0_IRQHandler
                0x00000000000014a0                Default_Handler
                0x00000000000014a0                T32_INTC_IRQHandler
                0x00000000000014a0                TA3_N_IRQHandler
                0x00000000000014a0                TA0_0_IRQHandler
                0x00000000000014a0                EUSCIA2_IRQHandler
                0x00000000000014a0                PORT6_IRQHandler
                0x00000000000014a0                PORT3_IRQHandler
                0x00000000000014a0                MemManage_Handler
                0x00000000000014a0                SVC_Handler
                0x00000000000014a0                TA1_N_IRQHandler
                0x00000000000014a0                EUSCIA1_IRQHandler
                0x00000000000014a0                COMP_E1_IRQHandler
                0x00000000000014a0                EUSCIB2_IRQHandler
                0x00000000000014a0                FLCTL_IRQHandler
                0x00000000000014a0                EUSCIB3_IRQHandler
                0x00000000000014a0                T32_INT1_IRQHandler
                0x00000000000014a0                ADC14_IRQHandler
                0x00000000000014a0                DMA_ERR_IRQHandler
                0x00000000000014a0                EUSCIA0_IRQHandler
                0x00000000000014a0                BusFault_Handler
                0x00000000000014a0                PCM_IRQHandler
                0x00000000000014a0                TA0_N_IRQHandler
                0x00000000000014a0                COMP_E0_IRQHandler
                0x00000000000014a0                EUSCIB1_IRQHandler
                0x00000000000014a0                T32_INT2_IRQHandler

.rodata         0x00000000000014b0       0x4c
 *(.rodata)
 .rodata        0x00000000000014b0       0x24 /usr/lib/gcc/arm-none-eabi/10.3.1/crtbegin.o
 .rodata        0x00000000000014d4        0x4 /usr/lib/gcc/arm-none-eabi/10.3.1/../../../arm-none-eabi/lib/libc.a(lib_a-impure.o)
                0x00000000000014d4                _global_impure_ptr
 .rodata        0x00000000000014d8       0x24 /usr/lib/gcc/arm-none-eabi/10.3.1/crtend.o
 *(.rodata.*)

.eh_frame       0x00000000000014fc        0x4
 .eh_frame      0x00000000000014fc        0x0 /usr/lib/gcc/arm-none-eabi/10.3.1/crtbegin.o
 .eh_frame      0x00000000000014fc        0x4 /usr/lib/gcc/arm-none-eabi/10.3.1/crtend.o

.ARM.exidx      0x0000000000001500        0x8
                0x0000000000001500                __exidx_start = .
 *(.ARM.exidx* .gnu.linkonce.armexidx.*)
 .ARM.exidx     0x0000000000001500        0x8 /usr/lib/gcc/arm-none-eabi/10.3.1/../../../arm-none-eabi/lib/crt0.o
                                         0x10 (size before relaxing)
                0x0000000000001508                __exidx_end = .

.ARM.extab      0x0000000000001508        0x0
 *(.ARM.extab* .gnu.linkonce.armextab.*)
 .ARM.extab     0x0000000000001508        0x0 /usr/lib/gcc/arm-none-eabi/10.3.1/../../../arm-none-eabi/lib/crt0.o
                0x0000000000001508                __etext = .

.rel.dyn        0x0000000000001508        0x0
 .rel.iplt      0x0000000000001508        0x0 /usr/lib/gcc/arm-none-eabi/10.3.1/crtbegin.o

.data           0x0000000020000000      0x438 load address 0x0000000000001508
                0x0000000000001508                __data_load__ = LOADADDR (.data)
                0x0000000020000000                __data_start__ = .
 *(.data)
 .data          0x0000000020000000        0x0 /usr/lib/gcc/arm-none-eabi/10.3.1/crti.o
 .data          0x0000000020000000        0x4 /usr/lib/gcc/arm-none-eabi/10.3.1/crtbegin.o
                0x0000000020000000                __dso_handle
 .data          0x0000000020000004        0x0 /usr/lib/gcc/arm-none-eabi/10.3.1/../../../arm-none-eabi/lib/crt0.o
 .data          0x0000000020000004        0x0 memory.o
 .data          0x0000000020000004        0x0 main.o
 .data          0x0000000020000004        0x0 syscalls.o
 .data          0x0000000020000004        0x0 interrupts_msp432p401r_gcc.o
 .data          0x0000000020000004        0x0 startup_msp432p401r_gcc.o
 .data          0x0000000020000004        0x4 system_msp432p401r.o
                0x0000000020000004                SystemCoreClock
 .data          0x0000000020000008        0x0 /usr/lib/gcc/arm-none-eabi/10.3.1/libgcc.a(_arm_mulsf3.o)
 .data          0x0000000020000008        0x0 /usr/lib/gcc/arm-none-eabi/10.3.1/libgcc.a(_arm_addsubsf3.o)
 .data          0x0000000020000008        0x0 /usr/lib/gcc/arm-none-eabi/10.3.1/libgcc.a(_arm_muldivsf3.o)
 .data          0x0000000020000008        0x0 /usr/lib/gcc/arm-none-eabi/10.3.1/libgcc.a(_arm_fixunssfsi.o)
 .data          0x0000000020000008        0x0 /usr/lib/gcc/arm-none-eabi/10.3.1/../../../arm-none-eabi/lib/libc.a(lib_a-atexit.o)
 .data          0x0000000020000008        0x0 /usr/lib/gcc/arm-none-eabi/10.3.1/../../../arm-none-eabi/lib/libc.a(lib_a-exit.o)
 .data          0x0000000020000008        0x0 /usr/lib/gcc/arm-none-eabi/10.3.1/../../../arm-none-eabi/lib/libc.a(lib_a-fini.o)
 .data          0x0000000020000008      0x430 /usr/lib/gcc/arm-none-eabi/10.3.1/../../../arm-none-eabi/lib/libc.a(lib_a-impure.o)
                0x0000000020000008                _impure_ptr
 .data          0x0000000020000438        0x0 /usr/lib/gcc/arm-none-eabi/10.3.1/../../../arm-none-eabi/lib/libc.a(lib_a-init.o)
 .data          0x0000000020000438        0x0 /usr/lib/gcc/arm-none-eabi/10.3.1/../../../arm-none-eabi/lib/libc.a(lib_a-memset.o)
 .data          0x0000000020000438        0x0 /usr/lib/gcc/arm-none-eabi/10.3.1/../../../arm-none-eabi/lib/libc.a(lib_a-__atexit.o)
 .data          0x0000000020000438        0x0 /usr/lib/gcc/arm-none-eabi/10.3.1/../../../arm-none-eabi/lib/libc.a(lib_a-__call_atexit.o)
 .data          0x0000000020000438        0x0 /usr/lib/gcc/arm-none-eabi/10.3.1/crtend.o
 .data          0x0000000020000438        0x0 /usr/lib/gcc/arm-none-eabi/10.3.1/crtn.o
 *(.data*)
                0x0000000020000438                . = ALIGN (0x4)
                0x0000000020000438                __data_end__ = .

.tm_clone_table
                0x0000000020000438        0x0 load address 0x0000000000001940
 .tm_clone_table
                0x0000000020000438        0x0 /usr/lib/gcc/arm-none-eabi/10.3.1/crtbegin.o
 .tm_clone_table
                0x0000000020000438        0x0 /usr/lib/gcc/arm-none-eabi/10.3.1/crtend.o

.igot.plt       0x0000000020000438        0x0 load address 0x0000000000001940
 .igot.plt      0x0000000020000438        0x0 /usr/lib/gcc/arm-none-eabi/10.3.1/crtbegin.o

.bss            0x0000000020000438       0x28
                0x0000000020000438                __bss_start__ = .
 *(.shbss)
 *(.bss)
 .bss           0x0000000020000438        0x0 /usr/lib/gcc/arm-none-eabi/10.3.1/crti.o
 .bss           0x0000000020000438       0x1c /usr/lib/gcc/arm-none-eabi/10.3.1/crtbegin.o
 .bss           0x0000000020000454        0x0 /usr/lib/gcc/arm-none-eabi/10.3.1/../../../arm-none-eabi/lib/crt0.o
 .bss           0x0000000020000454        0x0 memory.o
 .bss           0x0000000020000454        0xa main.o
                0x0000000020000454                buffer
 .bss           0x000000002000045e        0x0 syscalls.o
 .bss           0x000000002000045e        0x0 interrupts_msp432p401r_gcc.o
 .bss           0x000000002000045e        0x0 startup_msp432p401r_gcc.o
 .bss           0x000000002000045e        0x0 system_msp432p401r.o
 .bss           0x000000002000045e        0x0 /usr/lib/gcc/arm-none-eabi/10.3.1/libgcc.a(_arm_mulsf3.o)
 .bss           0x000000002000045e        0x0 /usr/lib/gcc/arm-none-eabi/10.3.1/libgcc.a(_arm_addsubsf3.o)
 .bss           0x000000002000045e        0x0 /usr/lib/gcc/arm-none-eabi/10.3.1/libgcc.a(_arm_muldivsf3.o)
 .bss           0x000000002000045e        0x0 /usr/lib/gcc/arm-none-eabi/10.3.1/libgcc.a(_arm_fixunssfsi.o)
 .bss           0x000000002000045e        0x0 /usr/lib/gcc/arm-none-eabi/10.3.1/../../../arm-none-eabi/lib/libc.a(lib_a-atexit.o)
 .bss           0x000000002000045e        0x0 /usr/lib/gcc/arm-none-eabi/10.3.1/../../../arm-none-eabi/lib/libc.a(lib_a-exit.o)
 .bss           0x000000002000045e        0x0 /usr/lib/gcc/arm-none-eabi/10.3.1/../../../arm-none-eabi/lib/libc.a(lib_a-fini.o)
 .bss           0x000000002000045e        0x0 /usr/lib/gcc/arm-none-eabi/10.3.1/../../../arm-none-eabi/lib/libc.a(lib_a-impure.o)
 .bss           0x000000002000045e        0x0 /usr/lib/gcc/arm-none-eabi/10.3.1/../../../arm-none-eabi/lib/libc.a(lib_a-init.o)
 .bss           0x000000002000045e        0x0 /usr/lib/gcc/arm-none-eabi/10.3.1/../../../arm-none-eabi/lib/libc.a(lib_a-memset.o)
 .bss           0x000000002000045e        0x0 /usr/lib/gcc/arm-none-eabi/10.3.1/../../../arm-none-eabi/lib/libc.a(lib_a-__atexit.o)
 .bss           0x000000002000045e        0x0 /usr/lib/gcc/arm-none-eabi/10.3.1/../../../arm-none-eabi/lib/libc.a(lib_a-__call_atexit.o)
 .bss           0x000000002000045e        0x0 /usr/lib/gcc/arm-none-eabi/10.3.1/crtend.o
 .bss           0x000000002000045e        0x0 /usr/lib/gcc/arm-none-eabi/10.3.1/crtn.o
 *(.bss.*)
 *(COMMON)
                0x0000000020000460                . = ALIGN (0x4)
 *fill*         0x000000002000045e        0x2 
                0x0000000020000460                __bss_end__ = .

.heap           0x0000000020000460        0x0
                0x0000000020000460                __heap_start__ = .
                0x0000000020000460                end = __heap_start__
                0x0000000020000460                _end = end
                0x0000000020000460                __end = end
 *(.heap)
                0x0000000020000460                __heap_end__ = .
                0x0000000020000460                __HeapLimit = __heap_end__

.stack          0x0000000020000460        0x0
                0x0000000020000460                _stack = .
                0x0000000020000460                __stack = .
 *(.stack)
OUTPUT(c1m2.out elf32-littlearm)
LOAD linker stubs

.ARM.attributes
                0x0000000000000000       0x2c
 .ARM.attributes
                0x0000000000000000       0x1c /usr/lib/gcc/arm-none-eabi/10.3.1/crti.o
 .ARM.attributes
                0x000000000000001c       0x2a /usr/lib/gcc/arm-none-eabi/10.3.1/crtbegin.o
 .ARM.attributes
                0x0000000000000046       0x1a /usr/lib/gcc/arm-none-eabi/10.3.1/../../../arm-none-eabi/lib/crt0.o
 .ARM.attributes
                0x0000000000000060       0x2e memory.o
 .ARM.attributes
                0x000000000000008e       0x2e main.o
 .ARM.attributes
                0x00000000000000bc       0x2e syscalls.o
 .ARM.attributes
                0x00000000000000ea       0x2e interrupts_msp432p401r_gcc.o
 .ARM.attributes
                0x0000000000000118       0x33 startup_msp432p401r_gcc.o
 .ARM.attributes
                0x000000000000014b       0x2e system_msp432p401r.o
 .ARM.attributes
                0x0000000000000179       0x1c /usr/lib/gcc/arm-none-eabi/10.3.1/libgcc.a(_arm_mulsf3.o)
 .ARM.attributes
                0x0000000000000195       0x1c /usr/lib/gcc/arm-none-eabi/10.3.1/libgcc.a(_arm_addsubsf3.o)
 .ARM.attributes
                0x00000000000001b1       0x1c /usr/lib/gcc/arm-none-eabi/10.3.1/libgcc.a(_arm_muldivsf3.o)
 .ARM.attributes
                0x00000000000001cd       0x1c /usr/lib/gcc/arm-none-eabi/10.3.1/libgcc.a(_arm_fixunssfsi.o)
 .ARM.attributes
                0x00000000000001e9       0x2a /usr/lib/gcc/arm-none-eabi/10.3.1/../../../arm-none-eabi/lib/libc.a(lib_a-atexit.o)
 .ARM.attributes
                0x0000000000000213       0x2a /usr/lib/gcc/arm-none-eabi/10.3.1/../../../arm-none-eabi/lib/libc.a(lib_a-exit.o)
 .ARM.attributes
                0x000000000000023d       0x2a /usr/lib/gcc/arm-none-eabi/10.3.1/../../../arm-none-eabi/lib/libc.a(lib_a-fini.o)
 .ARM.attributes
                0x0000000000000267       0x30 /usr/lib/gcc/arm-none-eabi/10.3.1/../../../arm-none-eabi/lib/libc.a(lib_a-impure.o)
 .ARM.attributes
                0x0000000000000297       0x2a /usr/lib/gcc/arm-none-eabi/10.3.1/../../../arm-none-eabi/lib/libc.a(lib_a-init.o)
 .ARM.attributes
                0x00000000000002c1       0x2a /usr/lib/gcc/arm-none-eabi/10.3.1/../../../arm-none-eabi/lib/libc.a(lib_a-memset.o)
 .ARM.attributes
                0x00000000000002eb       0x2a /usr/lib/gcc/arm-none-eabi/10.3.1/../../../arm-none-eabi/lib/libc.a(lib_a-__atexit.o)
 .ARM.attributes
                0x0000000000000315       0x2a /usr/lib/gcc/arm-none-eabi/10.3.1/../../../arm-none-eabi/lib/libc.a(lib_a-__call_atexit.o)
 .ARM.attributes
                0x000000000000033f       0x30 /usr/lib/gcc/arm-none-eabi/10.3.1/crtend.o
 .ARM.attributes
                0x000000000000036f       0x1c /usr/lib/gcc/arm-none-eabi/10.3.1/crtn.o

.comment        0x0000000000000000       0x33
 .comment       0x0000000000000000       0x33 /usr/lib/gcc/arm-none-eabi/10.3.1/crtbegin.o
                                         0x34 (size before relaxing)
 .comment       0x0000000000000033       0x34 memory.o
 .comment       0x0000000000000033       0x34 main.o
 .comment       0x0000000000000033       0x34 syscalls.o
 .comment       0x0000000000000033       0x34 interrupts_msp432p401r_gcc.o
 .comment       0x0000000000000033       0x34 startup_msp432p401r_gcc.o
 .comment       0x0000000000000033       0x34 system_msp432p401r.o
 .comment       0x0000000000000033       0x34 /usr/lib/gcc/arm-none-eabi/10.3.1/../../../arm-none-eabi/lib/libc.a(lib_a-atexit.o)
 .comment       0x0000000000000033       0x34 /usr/lib/gcc/arm-none-eabi/10.3.1/../../../arm-none-eabi/lib/libc.a(lib_a-exit.o)
 .comment       0x0000000000000033       0x34 /usr/lib/gcc/arm-none-eabi/10.3.1/../../../arm-none-eabi/lib/libc.a(lib_a-fini.o)
 .comment       0x0000000000000033       0x34 /usr/lib/gcc/arm-none-eabi/10.3.1/../../../arm-none-eabi/lib/libc.a(lib_a-impure.o)
 .comment       0x0000000000000033       0x34 /usr/lib/gcc/arm-none-eabi/10.3.1/../../../arm-none-eabi/lib/libc.a(lib_a-init.o)
 .comment       0x0000000000000033       0x34 /usr/lib/gcc/arm-none-eabi/10.3.1/../../../arm-none-eabi/lib/libc.a(lib_a-memset.o)
 .comment       0x0000000000000033       0x34 /usr/lib/gcc/arm-none-eabi/10.3.1/../../../arm-none-eabi/lib/libc.a(lib_a-__atexit.o)
 .comment       0x0000000000000033       0x34 /usr/lib/gcc/arm-none-eabi/10.3.1/../../../arm-none-eabi/lib/libc.a(lib_a-__call_atexit.o)
 .comment       0x0000000000000033       0x34 /usr/lib/gcc/arm-none-eabi/10.3.1/crtend.o

.debug_line     0x0000000000000000     0x13e7
 .debug_line    0x0000000000000000       0xa3 /usr/lib/gcc/arm-none-eabi/10.3.1/../../../arm-none-eabi/lib/crt0.o
 .debug_line    0x00000000000000a3       0x7f memory.o
 .debug_line    0x0000000000000122       0x68 main.o
 .debug_line    0x000000000000018a       0x41 syscalls.o
 .debug_line    0x00000000000001cb       0xf7 interrupts_msp432p401r_gcc.o
 .debug_line    0x00000000000002c2       0x70 startup_msp432p401r_gcc.o
 .debug_line    0x0000000000000332      0x277 system_msp432p401r.o
 .debug_line    0x00000000000005a9       0xbd /usr/lib/gcc/arm-none-eabi/10.3.1/libgcc.a(_arm_mulsf3.o)
 .debug_line    0x0000000000000666      0x10d /usr/lib/gcc/arm-none-eabi/10.3.1/libgcc.a(_arm_addsubsf3.o)
 .debug_line    0x0000000000000773      0x117 /usr/lib/gcc/arm-none-eabi/10.3.1/libgcc.a(_arm_muldivsf3.o)
 .debug_line    0x000000000000088a       0x6c /usr/lib/gcc/arm-none-eabi/10.3.1/libgcc.a(_arm_fixunssfsi.o)
 .debug_line    0x00000000000008f6       0xbc /usr/lib/gcc/arm-none-eabi/10.3.1/../../../arm-none-eabi/lib/libc.a(lib_a-atexit.o)
 .debug_line    0x00000000000009b2      0x170 /usr/lib/gcc/arm-none-eabi/10.3.1/../../../arm-none-eabi/lib/libc.a(lib_a-exit.o)
 .debug_line    0x0000000000000b22       0xdb /usr/lib/gcc/arm-none-eabi/10.3.1/../../../arm-none-eabi/lib/libc.a(lib_a-fini.o)
 .debug_line    0x0000000000000bfd       0xdb /usr/lib/gcc/arm-none-eabi/10.3.1/../../../arm-none-eabi/lib/libc.a(lib_a-impure.o)
 .debug_line    0x0000000000000cd8      0x121 /usr/lib/gcc/arm-none-eabi/10.3.1/../../../arm-none-eabi/lib/libc.a(lib_a-init.o)
 .debug_line    0x0000000000000df9      0x1d5 /usr/lib/gcc/arm-none-eabi/10.3.1/../../../arm-none-eabi/lib/libc.a(lib_a-memset.o)
 .debug_line    0x0000000000000fce      0x190 /usr/lib/gcc/arm-none-eabi/10.3.1/../../../arm-none-eabi/lib/libc.a(lib_a-__atexit.o)
 .debug_line    0x000000000000115e      0x289 /usr/lib/gcc/arm-none-eabi/10.3.1/../../../arm-none-eabi/lib/libc.a(lib_a-__call_atexit.o)

.debug_info     0x0000000000000000     0x3bbb
 .debug_info    0x0000000000000000       0x26 /usr/lib/gcc/arm-none-eabi/10.3.1/../../../arm-none-eabi/lib/crt0.o
 .debug_info    0x0000000000000026      0x16e memory.o
 .debug_info    0x0000000000000194       0xc8 main.o
 .debug_info    0x000000000000025c       0x53 syscalls.o
 .debug_info    0x00000000000002af      0x10d interrupts_msp432p401r_gcc.o
 .debug_info    0x00000000000003bc       0xa3 startup_msp432p401r_gcc.o
 .debug_info    0x000000000000045f      0xbef system_msp432p401r.o
 .debug_info    0x000000000000104e       0x26 /usr/lib/gcc/arm-none-eabi/10.3.1/libgcc.a(_arm_mulsf3.o)
 .debug_info    0x0000000000001074       0x26 /usr/lib/gcc/arm-none-eabi/10.3.1/libgcc.a(_arm_addsubsf3.o)
 .debug_info    0x000000000000109a       0x26 /usr/lib/gcc/arm-none-eabi/10.3.1/libgcc.a(_arm_muldivsf3.o)
 .debug_info    0x00000000000010c0       0x26 /usr/lib/gcc/arm-none-eabi/10.3.1/libgcc.a(_arm_fixunssfsi.o)
 .debug_info    0x00000000000010e6      0x100 /usr/lib/gcc/arm-none-eabi/10.3.1/../../../arm-none-eabi/lib/libc.a(lib_a-atexit.o)
 .debug_info    0x00000000000011e6      0x969 /usr/lib/gcc/arm-none-eabi/10.3.1/../../../arm-none-eabi/lib/libc.a(lib_a-exit.o)
 .debug_info    0x0000000000001b4f      0x102 /usr/lib/gcc/arm-none-eabi/10.3.1/../../../arm-none-eabi/lib/libc.a(lib_a-fini.o)
 .debug_info    0x0000000000001c51      0x92a /usr/lib/gcc/arm-none-eabi/10.3.1/../../../arm-none-eabi/lib/libc.a(lib_a-impure.o)
 .debug_info    0x000000000000257b      0x11a /usr/lib/gcc/arm-none-eabi/10.3.1/../../../arm-none-eabi/lib/libc.a(lib_a-init.o)
 .debug_info    0x0000000000002695      0x13d /usr/lib/gcc/arm-none-eabi/10.3.1/../../../arm-none-eabi/lib/libc.a(lib_a-memset.o)
 .debug_info    0x00000000000027d2      0x9b0 /usr/lib/gcc/arm-none-eabi/10.3.1/../../../arm-none-eabi/lib/libc.a(lib_a-__atexit.o)
 .debug_info    0x0000000000003182      0xa39 /usr/lib/gcc/arm-none-eabi/10.3.1/../../../arm-none-eabi/lib/libc.a(lib_a-__call_atexit.o)

.debug_abbrev   0x0000000000000000      0xfc4
 .debug_abbrev  0x0000000000000000       0x14 /usr/lib/gcc/arm-none-eabi/10.3.1/../../../arm-none-eabi/lib/crt0.o
 .debug_abbrev  0x0000000000000014       0xaf memory.o
 .debug_abbrev  0x00000000000000c3       0x8d main.o
 .debug_abbrev  0x0000000000000150       0x4c syscalls.o
 .debug_abbrev  0x000000000000019c       0x9c interrupts_msp432p401r_gcc.o
 .debug_abbrev  0x0000000000000238       0x71 startup_msp432p401r_gcc.o
 .debug_abbrev  0x00000000000002a9      0x122 system_msp432p401r.o
 .debug_abbrev  0x00000000000003cb       0x14 /usr/lib/gcc/arm-none-eabi/10.3.1/libgcc.a(_arm_mulsf3.o)
 .debug_abbrev  0x00000000000003df       0x14 /usr/lib/gcc/arm-none-eabi/10.3.1/libgcc.a(_arm_addsubsf3.o)
 .debug_abbrev  0x00000000000003f3       0x14 /usr/lib/gcc/arm-none-eabi/10.3.1/libgcc.a(_arm_muldivsf3.o)
 .debug_abbrev  0x0000000000000407       0x14 /usr/lib/gcc/arm-none-eabi/10.3.1/libgcc.a(_arm_fixunssfsi.o)
 .debug_abbrev  0x000000000000041b       0xb4 /usr/lib/gcc/arm-none-eabi/10.3.1/../../../arm-none-eabi/lib/libc.a(lib_a-atexit.o)
 .debug_abbrev  0x00000000000004cf      0x20c /usr/lib/gcc/arm-none-eabi/10.3.1/../../../arm-none-eabi/lib/libc.a(lib_a-exit.o)
 .debug_abbrev  0x00000000000006db       0xcc /usr/lib/gcc/arm-none-eabi/10.3.1/../../../arm-none-eabi/lib/libc.a(lib_a-fini.o)
 .debug_abbrev  0x00000000000007a7      0x1b8 /usr/lib/gcc/arm-none-eabi/10.3.1/../../../arm-none-eabi/lib/libc.a(lib_a-impure.o)
 .debug_abbrev  0x000000000000095f       0xcc /usr/lib/gcc/arm-none-eabi/10.3.1/../../../arm-none-eabi/lib/libc.a(lib_a-init.o)
 .debug_abbrev  0x0000000000000a2b       0xb4 /usr/lib/gcc/arm-none-eabi/10.3.1/../../../arm-none-eabi/lib/libc.a(lib_a-memset.o)
 .debug_abbrev  0x0000000000000adf      0x23f /usr/lib/gcc/arm-none-eabi/10.3.1/../../../arm-none-eabi/lib/libc.a(lib_a-__atexit.o)
 .debug_abbrev  0x0000000000000d1e      0x2a6 /usr/lib/gcc/arm-none-eabi/10.3.1/../../../arm-none-eabi/lib/libc.a(lib_a-__call_atexit.o)

.debug_aranges  0x0000000000000000      0x270
 .debug_aranges
                0x0000000000000000       0x20 /usr/lib/gcc/arm-none-eabi/10.3.1/../../../arm-none-eabi/lib/crt0.o
 .debug_aranges
                0x0000000000000020       0x20 memory.o
 .debug_aranges
                0x0000000000000040       0x20 main.o
 .debug_aranges
                0x0000000000000060       0x20 syscalls.o
 .debug_aranges
                0x0000000000000080       0x38 interrupts_msp432p401r_gcc.o
 .debug_aranges
                0x00000000000000b8       0x18 startup_msp432p401r_gcc.o
 .debug_aranges
                0x00000000000000d0       0x20 system_msp432p401r.o
 .debug_aranges
                0x00000000000000f0       0x20 /usr/lib/gcc/arm-none-eabi/10.3.1/libgcc.a(_arm_mulsf3.o)
 .debug_aranges
                0x0000000000000110       0x20 /usr/lib/gcc/arm-none-eabi/10.3.1/libgcc.a(_arm_addsubsf3.o)
 .debug_aranges
                0x0000000000000130       0x20 /usr/lib/gcc/arm-none-eabi/10.3.1/libgcc.a(_arm_muldivsf3.o)
 .debug_aranges
                0x0000000000000150       0x20 /usr/lib/gcc/arm-none-eabi/10.3.1/libgcc.a(_arm_fixunssfsi.o)
 .debug_aranges
                0x0000000000000170       0x20 /usr/lib/gcc/arm-none-eabi/10.3.1/../../../arm-none-eabi/lib/libc.a(lib_a-atexit.o)
 .debug_aranges
                0x0000000000000190       0x20 /usr/lib/gcc/arm-none-eabi/10.3.1/../../../arm-none-eabi/lib/libc.a(lib_a-exit.o)
 .debug_aranges
                0x00000000000001b0       0x20 /usr/lib/gcc/arm-none-eabi/10.3.1/../../../arm-none-eabi/lib/libc.a(lib_a-fini.o)
 .debug_aranges
                0x00000000000001d0       0x18 /usr/lib/gcc/arm-none-eabi/10.3.1/../../../arm-none-eabi/lib/libc.a(lib_a-impure.o)
 .debug_aranges
                0x00000000000001e8       0x20 /usr/lib/gcc/arm-none-eabi/10.3.1/../../../arm-none-eabi/lib/libc.a(lib_a-init.o)
 .debug_aranges
                0x0000000000000208       0x20 /usr/lib/gcc/arm-none-eabi/10.3.1/../../../arm-none-eabi/lib/libc.a(lib_a-memset.o)
 .debug_aranges
                0x0000000000000228       0x20 /usr/lib/gcc/arm-none-eabi/10.3.1/../../../arm-none-eabi/lib/libc.a(lib_a-__atexit.o)
 .debug_aranges
                0x0000000000000248       0x28 /usr/lib/gcc/arm-none-eabi/10.3.1/../../../arm-none-eabi/lib/libc.a(lib_a-__call_atexit.o)

.debug_str      0x0000000000000000     0x13bd
 .debug_str     0x0000000000000000       0x7b /usr/lib/gcc/arm-none-eabi/10.3.1/../../../arm-none-eabi/lib/crt0.o
 .debug_str     0x000000000000007b       0xf5 memory.o
                                        0x112 (size before relaxing)
 .debug_str     0x0000000000000170       0x63 main.o
                                        0x156 (size before relaxing)
 .debug_str     0x00000000000001d3       0x18 syscalls.o
                                         0xcc (size before relaxing)
 .debug_str     0x00000000000001eb       0x9f interrupts_msp432p401r_gcc.o
                                        0x1d7 (size before relaxing)
 .debug_str     0x000000000000028a       0x2b startup_msp432p401r_gcc.o
                                        0x16c (size before relaxing)
 .debug_str     0x00000000000002b5      0x87e system_msp432p401r.o
                                        0x9e1 (size before relaxing)
 .debug_str     0x0000000000000b33       0x82 /usr/lib/gcc/arm-none-eabi/10.3.1/libgcc.a(_arm_mulsf3.o)
                                         0x8e (size before relaxing)
 .debug_str     0x0000000000000bb5       0x8e /usr/lib/gcc/arm-none-eabi/10.3.1/libgcc.a(_arm_addsubsf3.o)
 .debug_str     0x0000000000000bb5       0x8e /usr/lib/gcc/arm-none-eabi/10.3.1/libgcc.a(_arm_muldivsf3.o)
 .debug_str     0x0000000000000bb5       0x8e /usr/lib/gcc/arm-none-eabi/10.3.1/libgcc.a(_arm_fixunssfsi.o)
 .debug_str     0x0000000000000bb5      0x12e /usr/lib/gcc/arm-none-eabi/10.3.1/../../../arm-none-eabi/lib/libc.a(lib_a-atexit.o)
                                        0x1be (size before relaxing)
 .debug_str     0x0000000000000ce3      0x3f7 /usr/lib/gcc/arm-none-eabi/10.3.1/../../../arm-none-eabi/lib/libc.a(lib_a-exit.o)
                                        0x565 (size before relaxing)
 .debug_str     0x00000000000010da       0xab /usr/lib/gcc/arm-none-eabi/10.3.1/../../../arm-none-eabi/lib/libc.a(lib_a-fini.o)
                                        0x1b6 (size before relaxing)
 .debug_str     0x0000000000001185       0x7e /usr/lib/gcc/arm-none-eabi/10.3.1/../../../arm-none-eabi/lib/libc.a(lib_a-impure.o)
                                        0x55c (size before relaxing)
 .debug_str     0x0000000000001203       0x8d /usr/lib/gcc/arm-none-eabi/10.3.1/../../../arm-none-eabi/lib/libc.a(lib_a-init.o)
                                        0x1e0 (size before relaxing)
 .debug_str     0x0000000000001290       0x88 /usr/lib/gcc/arm-none-eabi/10.3.1/../../../arm-none-eabi/lib/libc.a(lib_a-memset.o)
                                        0x195 (size before relaxing)
 .debug_str     0x0000000000001318       0x32 /usr/lib/gcc/arm-none-eabi/10.3.1/../../../arm-none-eabi/lib/libc.a(lib_a-__atexit.o)
                                        0x596 (size before relaxing)
 .debug_str     0x000000000000134a       0x73 /usr/lib/gcc/arm-none-eabi/10.3.1/../../../arm-none-eabi/lib/libc.a(lib_a-__call_atexit.o)
                                        0x5c2 (size before relaxing)

.debug_frame    0x0000000000000000      0x490
 .debug_frame   0x0000000000000000       0xcc memory.o
 .debug_frame   0x00000000000000cc       0x34 main.o
 .debug_frame   0x0000000000000100       0x2c syscalls.o
 .debug_frame   0x000000000000012c       0xa0 interrupts_msp432p401r_gcc.o
 .debug_frame   0x00000000000001cc       0x5c system_msp432p401r.o
 .debug_frame   0x0000000000000228       0x24 /usr/lib/gcc/arm-none-eabi/10.3.1/libgcc.a(_arm_mulsf3.o)
 .debug_frame   0x000000000000024c       0x4c /usr/lib/gcc/arm-none-eabi/10.3.1/libgcc.a(_arm_addsubsf3.o)
 .debug_frame   0x0000000000000298       0x38 /usr/lib/gcc/arm-none-eabi/10.3.1/libgcc.a(_arm_muldivsf3.o)
 .debug_frame   0x00000000000002d0       0x24 /usr/lib/gcc/arm-none-eabi/10.3.1/libgcc.a(_arm_fixunssfsi.o)
 .debug_frame   0x00000000000002f4       0x2c /usr/lib/gcc/arm-none-eabi/10.3.1/../../../arm-none-eabi/lib/libc.a(lib_a-atexit.o)
 .debug_frame   0x0000000000000320       0x28 /usr/lib/gcc/arm-none-eabi/10.3.1/../../../arm-none-eabi/lib/libc.a(lib_a-exit.o)
 .debug_frame   0x0000000000000348       0x34 /usr/lib/gcc/arm-none-eabi/10.3.1/../../../arm-none-eabi/lib/libc.a(lib_a-fini.o)
 .debug_frame   0x000000000000037c       0x34 /usr/lib/gcc/arm-none-eabi/10.3.1/../../../arm-none-eabi/lib/libc.a(lib_a-init.o)
 .debug_frame   0x00000000000003b0       0x48 /usr/lib/gcc/arm-none-eabi/10.3.1/../../../arm-none-eabi/lib/libc.a(lib_a-memset.o)
 .debug_frame   0x00000000000003f8       0x30 /usr/lib/gcc/arm-none-eabi/10.3.1/../../../arm-none-eabi/lib/libc.a(lib_a-__atexit.o)
 .debug_frame   0x0000000000000428       0x68 /usr/lib/gcc/arm-none-eabi/10.3.1/../../../arm-none-eabi/lib/libc.a(lib_a-__call_atexit.o)

.debug_ranges   0x0000000000000000       0x80
 .debug_ranges  0x0000000000000000       0x28 interrupts_msp432p401r_gcc.o
 .debug_ranges  0x0000000000000028       0x58 /usr/lib/gcc/arm-none-eabi/10.3.1/../../../arm-none-eabi/lib/libc.a(lib_a-__call_atexit.o)

.debug_loc      0x0000000000000000      0x780
 .debug_loc     0x0000000000000000       0x32 /usr/lib/gcc/arm-none-eabi/10.3.1/../../../arm-none-eabi/lib/libc.a(lib_a-atexit.o)
 .debug_loc     0x0000000000000032       0x22 /usr/lib/gcc/arm-none-eabi/10.3.1/../../../arm-none-eabi/lib/libc.a(lib_a-exit.o)
 .debug_loc     0x0000000000000054       0x68 /usr/lib/gcc/arm-none-eabi/10.3.1/../../../arm-none-eabi/lib/libc.a(lib_a-fini.o)
 .debug_loc     0x00000000000000bc       0xba /usr/lib/gcc/arm-none-eabi/10.3.1/../../../arm-none-eabi/lib/libc.a(lib_a-init.o)
 .debug_loc     0x0000000000000176      0x313 /usr/lib/gcc/arm-none-eabi/10.3.1/../../../arm-none-eabi/lib/libc.a(lib_a-memset.o)
 .debug_loc     0x0000000000000489      0x148 /usr/lib/gcc/arm-none-eabi/10.3.1/../../../arm-none-eabi/lib/libc.a(lib_a-__atexit.o)
 .debug_loc     0x00000000000005d1      0x1af /usr/lib/gcc/arm-none-eabi/10.3.1/../../../arm-none-eabi/lib/libc.a(lib_a-__call_atexit.o)
